Archive member included to satisfy reference by file (symbol)

/opt/Atollic_TrueSTUDIO_for_STM32_x86_64_9.3.0/ARMTools/bin/../lib/gcc/arm-atollic-eabi/6.3.1/../../../../arm-atollic-eabi/lib/armv6-m/libc_nano.a(lib_a-errno.o)
                              Src/syscalls.o (__errno)
/opt/Atollic_TrueSTUDIO_for_STM32_x86_64_9.3.0/ARMTools/bin/../lib/gcc/arm-atollic-eabi/6.3.1/../../../../arm-atollic-eabi/lib/armv6-m/libc_nano.a(lib_a-impure.o)
                              /opt/Atollic_TrueSTUDIO_for_STM32_x86_64_9.3.0/ARMTools/bin/../lib/gcc/arm-atollic-eabi/6.3.1/../../../../arm-atollic-eabi/lib/armv6-m/libc_nano.a(lib_a-errno.o) (_impure_ptr)
/opt/Atollic_TrueSTUDIO_for_STM32_x86_64_9.3.0/ARMTools/bin/../lib/gcc/arm-atollic-eabi/6.3.1/../../../../arm-atollic-eabi/lib/armv6-m/libc_nano.a(lib_a-init.o)
                              startup/startup_stm32f030x6.o (__libc_init_array)
/opt/Atollic_TrueSTUDIO_for_STM32_x86_64_9.3.0/ARMTools/bin/../lib/gcc/arm-atollic-eabi/6.3.1/../../../../arm-atollic-eabi/lib/armv6-m/libc_nano.a(lib_a-memcpy-stub.o)
                              Drivers/STM32F0xx_HAL_Driver/Src/stm32f0xx_hal_rcc.o (memcpy)
/opt/Atollic_TrueSTUDIO_for_STM32_x86_64_9.3.0/ARMTools/bin/../lib/gcc/arm-atollic-eabi/6.3.1/../../../../arm-atollic-eabi/lib/armv6-m/libc_nano.a(lib_a-memset.o)
                              Lib/ioLibrary_Driver/Internet/DNS/dns.o (memset)
/opt/Atollic_TrueSTUDIO_for_STM32_x86_64_9.3.0/ARMTools/bin/../lib/gcc/arm-atollic-eabi/6.3.1/../../../../arm-atollic-eabi/lib/armv6-m/libc_nano.a(lib_a-printf.o)
                              Lib/ioLibrary_Driver/Application/loopback/loopback.o (printf)
/opt/Atollic_TrueSTUDIO_for_STM32_x86_64_9.3.0/ARMTools/bin/../lib/gcc/arm-atollic-eabi/6.3.1/../../../../arm-atollic-eabi/lib/armv6-m/libc_nano.a(lib_a-strchr.o)
                              Lib/ioLibrary_Driver/Internet/DNS/dns.o (strchr)
/opt/Atollic_TrueSTUDIO_for_STM32_x86_64_9.3.0/ARMTools/bin/../lib/gcc/arm-atollic-eabi/6.3.1/../../../../arm-atollic-eabi/lib/armv6-m/libc_nano.a(lib_a-strcpy.o)
                              Lib/ioLibrary_Driver/Internet/DNS/dns.o (strcpy)
/opt/Atollic_TrueSTUDIO_for_STM32_x86_64_9.3.0/ARMTools/bin/../lib/gcc/arm-atollic-eabi/6.3.1/../../../../arm-atollic-eabi/lib/armv6-m/libc_nano.a(lib_a-strlen.o)
                              Lib/ioLibrary_Driver/Internet/DNS/dns.o (strlen)
/opt/Atollic_TrueSTUDIO_for_STM32_x86_64_9.3.0/ARMTools/bin/../lib/gcc/arm-atollic-eabi/6.3.1/../../../../arm-atollic-eabi/lib/armv6-m/libc_nano.a(lib_a-strncpy.o)
                              Lib/ioLibrary_Driver/Internet/DNS/dns.o (strncpy)
/opt/Atollic_TrueSTUDIO_for_STM32_x86_64_9.3.0/ARMTools/bin/../lib/gcc/arm-atollic-eabi/6.3.1/../../../../arm-atollic-eabi/lib/armv6-m/libc_nano.a(lib_a-vsnprintf.o)
                              Src/main.o (vsnprintf)
/opt/Atollic_TrueSTUDIO_for_STM32_x86_64_9.3.0/ARMTools/bin/../lib/gcc/arm-atollic-eabi/6.3.1/../../../../arm-atollic-eabi/lib/armv6-m/libc_nano.a(lib_a-findfp.o)
                              /opt/Atollic_TrueSTUDIO_for_STM32_x86_64_9.3.0/ARMTools/bin/../lib/gcc/arm-atollic-eabi/6.3.1/../../../../arm-atollic-eabi/lib/armv6-m/libc_nano.a(lib_a-printf.o) (__sinit)
/opt/Atollic_TrueSTUDIO_for_STM32_x86_64_9.3.0/ARMTools/bin/../lib/gcc/arm-atollic-eabi/6.3.1/../../../../arm-atollic-eabi/lib/armv6-m/libc_nano.a(lib_a-fwalk.o)
                              /opt/Atollic_TrueSTUDIO_for_STM32_x86_64_9.3.0/ARMTools/bin/../lib/gcc/arm-atollic-eabi/6.3.1/../../../../arm-atollic-eabi/lib/armv6-m/libc_nano.a(lib_a-findfp.o) (_fwalk)
/opt/Atollic_TrueSTUDIO_for_STM32_x86_64_9.3.0/ARMTools/bin/../lib/gcc/arm-atollic-eabi/6.3.1/../../../../arm-atollic-eabi/lib/armv6-m/libc_nano.a(lib_a-nano-mallocr.o)
                              /opt/Atollic_TrueSTUDIO_for_STM32_x86_64_9.3.0/ARMTools/bin/../lib/gcc/arm-atollic-eabi/6.3.1/../../../../arm-atollic-eabi/lib/armv6-m/libc_nano.a(lib_a-findfp.o) (_malloc_r)
/opt/Atollic_TrueSTUDIO_for_STM32_x86_64_9.3.0/ARMTools/bin/../lib/gcc/arm-atollic-eabi/6.3.1/../../../../arm-atollic-eabi/lib/armv6-m/libc_nano.a(lib_a-nano-svfprintf.o)
                              /opt/Atollic_TrueSTUDIO_for_STM32_x86_64_9.3.0/ARMTools/bin/../lib/gcc/arm-atollic-eabi/6.3.1/../../../../arm-atollic-eabi/lib/armv6-m/libc_nano.a(lib_a-vsnprintf.o) (_svfprintf_r)
/opt/Atollic_TrueSTUDIO_for_STM32_x86_64_9.3.0/ARMTools/bin/../lib/gcc/arm-atollic-eabi/6.3.1/../../../../arm-atollic-eabi/lib/armv6-m/libc_nano.a(lib_a-nano-vfprintf.o)
                              /opt/Atollic_TrueSTUDIO_for_STM32_x86_64_9.3.0/ARMTools/bin/../lib/gcc/arm-atollic-eabi/6.3.1/../../../../arm-atollic-eabi/lib/armv6-m/libc_nano.a(lib_a-printf.o) (_vfprintf_r)
/opt/Atollic_TrueSTUDIO_for_STM32_x86_64_9.3.0/ARMTools/bin/../lib/gcc/arm-atollic-eabi/6.3.1/../../../../arm-atollic-eabi/lib/armv6-m/libc_nano.a(lib_a-nano-vfprintf_i.o)
[...]
Memory Configuration

Name             Origin             Length             Attributes
RAM              0x0000000020000000 0x0000000000001000 xrw
FLASH            0x0000000008000000 0x0000000000004000 xr
*default*        0x0000000000000000 0xffffffffffffffff

Linker script and memory map

LOAD /opt/Atollic_TrueSTUDIO_for_STM32_x86_64_9.3.0/ARMTools/bin/../lib/gcc/arm-atollic-eabi/6.3.1/armv6-m/crti.o
LOAD /opt/Atollic_TrueSTUDIO_for_STM32_x86_64_9.3.0/ARMTools/bin/../lib/gcc/arm-atollic-eabi/6.3.1/armv6-m/crtbegin.o
LOAD Drivers/STM32F0xx_HAL_Driver/Src/stm32f0xx_hal.o
LOAD Drivers/STM32F0xx_HAL_Driver/Src/stm32f0xx_hal_cortex.o
LOAD Drivers/STM32F0xx_HAL_Driver/Src/stm32f0xx_hal_dma.o
LOAD Drivers/STM32F0xx_HAL_Driver/Src/stm32f0xx_hal_flash.o
LOAD Drivers/STM32F0xx_HAL_Driver/Src/stm32f0xx_hal_flash_ex.o
LOAD Drivers/STM32F0xx_HAL_Driver/Src/stm32f0xx_hal_gpio.o
LOAD Drivers/STM32F0xx_HAL_Driver/Src/stm32f0xx_hal_i2c.o
LOAD Drivers/STM32F0xx_HAL_Driver/Src/stm32f0xx_hal_i2c_ex.o
LOAD Drivers/STM32F0xx_HAL_Driver/Src/stm32f0xx_hal_pwr.o
LOAD Drivers/STM32F0xx_HAL_Driver/Src/stm32f0xx_hal_pwr_ex.o
LOAD Drivers/STM32F0xx_HAL_Driver/Src/stm32f0xx_hal_rcc.o
LOAD Drivers/STM32F0xx_HAL_Driver/Src/stm32f0xx_hal_rcc_ex.o
LOAD Drivers/STM32F0xx_HAL_Driver/Src/stm32f0xx_hal_spi.o
LOAD Drivers/STM32F0xx_HAL_Driver/Src/stm32f0xx_hal_spi_ex.o
LOAD Drivers/STM32F0xx_HAL_Driver/Src/stm32f0xx_hal_tim.o
LOAD Drivers/STM32F0xx_HAL_Driver/Src/stm32f0xx_hal_tim_ex.o
LOAD Drivers/STM32F0xx_HAL_Driver/Src/stm32f0xx_hal_uart.o
LOAD Drivers/STM32F0xx_HAL_Driver/Src/stm32f0xx_hal_uart_ex.o
LOAD Lib/ioLibrary_Driver/Application/loopback/loopback.o
LOAD Lib/ioLibrary_Driver/Ethernet/W5500/w5500.o
LOAD Lib/ioLibrary_Driver/Ethernet/socket.o
LOAD Lib/ioLibrary_Driver/Ethernet/wizchip_conf.o
LOAD Lib/ioLibrary_Driver/Internet/DHCP/dhcp.o
LOAD Lib/ioLibrary_Driver/Internet/DNS/dns.o
LOAD Src/main.o
LOAD Src/stm32f0xx_hal_msp.o
LOAD Src/stm32f0xx_it.o
LOAD Src/syscalls.o
LOAD Src/system_stm32f0xx.o
LOAD startup/startup_stm32f030x6.o
                0x0000000000000080                malloc_getpagesize_P = 0x80
START GROUP
LOAD /opt/Atollic_TrueSTUDIO_for_STM32_x86_64_9.3.0/ARMTools/bin/../lib/gcc/arm-atollic-eabi/6.3.1/../../../../arm-atollic-eabi/lib/armv6-m/libc_nano.a
LOAD /opt/Atollic_TrueSTUDIO_for_STM32_x86_64_9.3.0/ARMTools/bin/../lib/gcc/arm-atollic-eabi/6.3.1/../../../../arm-atollic-eabi/lib/armv6-m/libm.a
END GROUP
START GROUP
LOAD /opt/Atollic_TrueSTUDIO_for_STM32_x86_64_9.3.0/ARMTools/bin/../lib/gcc/arm-atollic-eabi/6.3.1/armv6-m/libgcc.a
LOAD /opt/Atollic_TrueSTUDIO_for_STM32_x86_64_9.3.0/ARMTools/bin/../lib/gcc/arm-atollic-eabi/6.3.1/../../../../arm-atollic-eabi/lib/armv6-m/libc_nano.a
END GROUP
START GROUP
LOAD /opt/Atollic_TrueSTUDIO_for_STM32_x86_64_9.3.0/ARMTools/bin/../lib/gcc/arm-atollic-eabi/6.3.1/armv6-m/libgcc.a
LOAD /opt/Atollic_TrueSTUDIO_for_STM32_x86_64_9.3.0/ARMTools/bin/../lib/gcc/arm-atollic-eabi/6.3.1/../../../../arm-atollic-eabi/lib/armv6-m/libc_nano.a
LOAD /opt/Atollic_TrueSTUDIO_for_STM32_x86_64_9.3.0/ARMTools/bin/../lib/gcc/arm-atollic-eabi/6.3.1/../../../../arm-atollic-eabi/lib/armv6-m/libnosys.a
END GROUP
START GROUP
LOAD /opt/Atollic_TrueSTUDIO_for_STM32_x86_64_9.3.0/ARMTools/bin/../lib/gcc/arm-atollic-eabi/6.3.1/armv6-m/libgcc.a
LOAD /opt/Atollic_TrueSTUDIO_for_STM32_x86_64_9.3.0/ARMTools/bin/../lib/gcc/arm-atollic-eabi/6.3.1/../../../../arm-atollic-eabi/lib/armv6-m/libc_nano.a
LOAD /opt/Atollic_TrueSTUDIO_for_STM32_x86_64_9.3.0/ARMTools/bin/../lib/gcc/arm-atollic-eabi/6.3.1/../../../../arm-atollic-eabi/lib/armv6-m/libnosys.a
END GROUP
LOAD /opt/Atollic_TrueSTUDIO_for_STM32_x86_64_9.3.0/ARMTools/bin/../lib/gcc/arm-atollic-eabi/6.3.1/armv6-m/crtend.o
LOAD /opt/Atollic_TrueSTUDIO_for_STM32_x86_64_9.3.0/ARMTools/bin/../lib/gcc/arm-atollic-eabi/6.3.1/armv6-m/crtn.o
                0x0000000020001000                _estack = 0x20001000
                0x0000000000000200                _Min_Heap_Size = 0x200
                0x0000000000000400                _Min_Stack_Size = 0x400

.isr_vector     0x0000000008000000       0xc0
                0x0000000008000000                . = ALIGN (0x4)
 *(.isr_vector)
 .isr_vector    0x0000000008000000       0xc0 startup/startup_stm32f030x6.o
                0x0000000008000000                g_pfnVectors
                0x00000000080000c0                . = ALIGN (0x4)

.text           0x00000000080000c0     0x260c
                0x00000000080000c0                . = ALIGN (0x4)
 *(.text)
 .text          0x00000000080000c0       0x48 /opt/Atollic_TrueSTUDIO_for_STM32_x86_64_9.3.0/ARMTools/bin/../lib/gcc/arm-atollic-eabi/6.3.1/armv6-m/crtbegin.o
 .text          0x0000000008000108        0xe /opt/Atollic_TrueSTUDIO_for_STM32_x86_64_9.3.0/ARMTools/bin/../lib/gcc/arm-atollic-eabi/6.3.1/../../../../arm-atollic-eabi/lib/armv6-m/libc_nano.a(lib_a-strlen.o)
                0x0000000008000108                strlen
 *fill*         0x0000000008000116        0x2 
 .text          0x0000000008000118      0x114 /opt/Atollic_TrueSTUDIO_for_STM32_x86_64_9.3.0/ARMTools/bin/../lib/gcc/arm-atollic-eabi/6.3.1/armv6-m/libgcc.a(_udivsi3.o)
                0x0000000008000118                __udivsi3
                0x0000000008000118                __aeabi_uidiv
                0x0000000008000224                __aeabi_uidivmod
 .text          0x000000000800022c        0x4 /opt/Atollic_TrueSTUDIO_for_STM32_x86_64_9.3.0/ARMTools/bin/../lib/gcc/arm-atollic-eabi/6.3.1/armv6-m/libgcc.a(_dvmd_tls.o)
                0x000000000800022c                __aeabi_ldiv0
                0x000000000800022c                __aeabi_idiv0
 *(.text*)
 .text.HAL_InitTick
                0x0000000008000230       0x24 Drivers/STM32F0xx_HAL_Driver/Src/stm32f0xx_hal.o
                0x0000000008000230                HAL_InitTick
 .text.HAL_Init
                0x0000000008000254       0x20 Drivers/STM32F0xx_HAL_Driver/Src/stm32f0xx_hal.o
                0x0000000008000254                HAL_Init
 .text.HAL_IncTick
                0x0000000008000274       0x10 Drivers/STM32F0xx_HAL_Driver/Src/stm32f0xx_hal.o
                0x0000000008000274                HAL_IncTick
 .text.HAL_GetTick
                0x0000000008000284        0xc Drivers/STM32F0xx_HAL_Driver/Src/stm32f0xx_hal.o
                0x0000000008000284                HAL_GetTick
 .text.HAL_Delay
                0x0000000008000290       0x20 Drivers/STM32F0xx_HAL_Driver/Src/stm32f0xx_hal.o
                0x0000000008000290                HAL_Delay
 .text.HAL_NVIC_SetPriority
                0x00000000080002b0       0x60 Drivers/STM32F0xx_HAL_Driver/Src/stm32f0xx_hal_cortex.o
                0x00000000080002b0                HAL_NVIC_SetPriority
 .text.HAL_SYSTICK_Config
                0x0000000008000310       0x34 Drivers/STM32F0xx_HAL_Driver/Src/stm32f0xx_hal_cortex.o
                0x0000000008000310                HAL_SYSTICK_Config
 .text.HAL_GPIO_Init
                0x0000000008000344      0x160 Drivers/STM32F0xx_HAL_Driver/Src/stm32f0xx_hal_gpio.o
                0x0000000008000344                HAL_GPIO_Init
 .text.HAL_GPIO_WritePin
                0x00000000080004a4        0xc Drivers/STM32F0xx_HAL_Driver/Src/stm32f0xx_hal_gpio.o
                0x00000000080004a4                HAL_GPIO_WritePin
 .text.HAL_GPIO_TogglePin
                0x00000000080004b0        0x8 Drivers/STM32F0xx_HAL_Driver/Src/stm32f0xx_hal_gpio.o
                0x00000000080004b0                HAL_GPIO_TogglePin
 .text.HAL_RCC_OscConfig
                0x00000000080004b8      0x3c4 Drivers/STM32F0xx_HAL_Driver/Src/stm32f0xx_hal_rcc.o
                0x00000000080004b8                HAL_RCC_OscConfig
 .text.HAL_RCC_GetSysClockFreq
                0x000000000800087c       0x64 Drivers/STM32F0xx_HAL_Driver/Src/stm32f0xx_hal_rcc.o
                0x000000000800087c                HAL_RCC_GetSysClockFreq
 .text.HAL_RCC_ClockConfig
                0x00000000080008e0      0x12c Drivers/STM32F0xx_HAL_Driver/Src/stm32f0xx_hal_rcc.o
                0x00000000080008e0                HAL_RCC_ClockConfig
 .text.HAL_RCC_GetHCLKFreq
                0x0000000008000a0c        0xc Drivers/STM32F0xx_HAL_Driver/Src/stm32f0xx_hal_rcc.o
                0x0000000008000a0c                HAL_RCC_GetHCLKFreq
 .text.HAL_RCCEx_PeriphCLKConfig
                0x0000000008000a18      0x108 Drivers/STM32F0xx_HAL_Driver/Src/stm32f0xx_hal_rcc_ex.o
                0x0000000008000a18                HAL_RCCEx_PeriphCLKConfig
 .text.SPI_WaitFifoStateUntilTimeout.part.1
                0x0000000008000b20       0x60 Drivers/STM32F0xx_HAL_Driver/Src/stm32f0xx_hal_spi.o
 .text.SPI_WaitFlagStateUntilTimeout.constprop.9
                0x0000000008000b80       0x2e Drivers/STM32F0xx_HAL_Driver/Src/stm32f0xx_hal_spi.o
 .text.SPI_WaitFifoStateUntilTimeout.constprop.10
                0x0000000008000bae       0x48 Drivers/STM32F0xx_HAL_Driver/Src/stm32f0xx_hal_spi.o
 .text.SPI_EndRxTxTransaction
                0x0000000008000bf6       0x46 Drivers/STM32F0xx_HAL_Driver/Src/stm32f0xx_hal_spi.o
 .text.SPI_EndRxTransaction
                0x0000000008000c3c       0x7a Drivers/STM32F0xx_HAL_Driver/Src/stm32f0xx_hal_spi.o
 .text.HAL_SPI_Transmit
                0x0000000008000cb6      0x1aa Drivers/STM32F0xx_HAL_Driver/Src/stm32f0xx_hal_spi.o
                0x0000000008000cb6                HAL_SPI_Transmit
 .text.HAL_SPI_TransmitReceive
                0x0000000008000e60      0x268 Drivers/STM32F0xx_HAL_Driver/Src/stm32f0xx_hal_spi.o
                0x0000000008000e60                HAL_SPI_TransmitReceive
 .text.HAL_SPI_Receive
                0x00000000080010c8      0x17c Drivers/STM32F0xx_HAL_Driver/Src/stm32f0xx_hal_spi.o
                0x00000000080010c8                HAL_SPI_Receive
 .text.UART_WaitOnFlagUntilTimeout
                0x0000000008001244       0x64 Drivers/STM32F0xx_HAL_Driver/Src/stm32f0xx_hal_uart.o
                0x0000000008001244                UART_WaitOnFlagUntilTimeout
 .text.HAL_UART_Transmit
                0x00000000080012a8       0xcc Drivers/STM32F0xx_HAL_Driver/Src/stm32f0xx_hal_uart.o
                0x00000000080012a8                HAL_UART_Transmit
 .text.WIZCHIP_READ
                0x0000000008001374       0x54 Lib/ioLibrary_Driver/Ethernet/W5500/w5500.o
                0x0000000008001374                WIZCHIP_READ
 .text.WIZCHIP_WRITE
                0x00000000080013c8       0x54 Lib/ioLibrary_Driver/Ethernet/W5500/w5500.o
                0x00000000080013c8                WIZCHIP_WRITE
 .text.WIZCHIP_READ_BUF
                0x000000000800141c       0x74 Lib/ioLibrary_Driver/Ethernet/W5500/w5500.o
                0x000000000800141c                WIZCHIP_READ_BUF
 .text.WIZCHIP_WRITE_BUF
                0x0000000008001490       0x74 Lib/ioLibrary_Driver/Ethernet/W5500/w5500.o
                0x0000000008001490                WIZCHIP_WRITE_BUF
 .text.close    0x0000000008001504       0x78 Lib/ioLibrary_Driver/Ethernet/socket.o
                0x0000000008001504                close
 .text.socket   0x000000000800157c      0x138 Lib/ioLibrary_Driver/Ethernet/socket.o
                0x000000000800157c                socket
 .text.wizchip_cs_deselect
                0x00000000080016b4        0x2 Lib/ioLibrary_Driver/Ethernet/wizchip_conf.o
                0x00000000080016b4                wizchip_cs_deselect
 .text.wizchip_bus_readdata
                0x00000000080016b6        0x6 Lib/ioLibrary_Driver/Ethernet/wizchip_conf.o
                0x00000000080016b6                wizchip_bus_readdata
 .text.wizchip_bus_writedata
                0x00000000080016bc        0x4 Lib/ioLibrary_Driver/Ethernet/wizchip_conf.o
                0x00000000080016bc                wizchip_bus_writedata
 .text.wizchip_spi_readbyte
                0x00000000080016c0        0x4 Lib/ioLibrary_Driver/Ethernet/wizchip_conf.o
                0x00000000080016c0                wizchip_spi_readbyte
 .text.wizchip_spi_writebyte
                0x00000000080016c4        0x2 Lib/ioLibrary_Driver/Ethernet/wizchip_conf.o
                0x00000000080016c4                wizchip_spi_writebyte
 .text.wizchip_spi_writeburst
                0x00000000080016c6        0x2 Lib/ioLibrary_Driver/Ethernet/wizchip_conf.o
                0x00000000080016c6                wizchip_spi_writeburst
 .text.wizchip_spi_readburst
                0x00000000080016c8        0x2 Lib/ioLibrary_Driver/Ethernet/wizchip_conf.o
                0x00000000080016c8                wizchip_spi_readburst
 .text.wizchip_cris_enter
                0x00000000080016ca        0x2 Lib/ioLibrary_Driver/Ethernet/wizchip_conf.o
                0x00000000080016ca                wizchip_cris_enter
 .text.wizchip_cris_exit
                0x00000000080016cc        0x2 Lib/ioLibrary_Driver/Ethernet/wizchip_conf.o
                0x00000000080016cc                wizchip_cris_exit
 .text.wizchip_cs_select
                0x00000000080016ce        0x2 Lib/ioLibrary_Driver/Ethernet/wizchip_conf.o
                0x00000000080016ce                wizchip_cs_select
 .text.reg_wizchip_cs_cbfunc
                0x00000000080016d0       0x28 Lib/ioLibrary_Driver/Ethernet/wizchip_conf.o
                0x00000000080016d0                reg_wizchip_cs_cbfunc
 .text.reg_wizchip_spi_cbfunc
                0x00000000080016f8       0x30 Lib/ioLibrary_Driver/Ethernet/wizchip_conf.o
                0x00000000080016f8                reg_wizchip_spi_cbfunc
 .text.reg_wizchip_spiburst_cbfunc
                0x0000000008001728       0x30 Lib/ioLibrary_Driver/Ethernet/wizchip_conf.o
                0x0000000008001728                reg_wizchip_spiburst_cbfunc
 .text.wizchip_sw_reset
                0x0000000008001758       0x76 Lib/ioLibrary_Driver/Ethernet/wizchip_conf.o
                0x0000000008001758                wizchip_sw_reset
 *fill*         0x00000000080017ce        0x2 
 .text.wizchip_init
                0x00000000080017d0       0x84 Lib/ioLibrary_Driver/Ethernet/wizchip_conf.o
                0x00000000080017d0                wizchip_init
 .text.wizchip_setnetinfo
                0x0000000008001854       0x5c Lib/ioLibrary_Driver/Ethernet/wizchip_conf.o
                0x0000000008001854                wizchip_setnetinfo
 .text.default_ip_assign
                0x00000000080018b0       0x34 Lib/ioLibrary_Driver/Internet/DHCP/dhcp.o
                0x00000000080018b0                default_ip_assign
 .text.default_ip_update
                0x00000000080018e4       0x28 Lib/ioLibrary_Driver/Internet/DHCP/dhcp.o
                0x00000000080018e4                default_ip_update
 .text.default_ip_conflict
                0x000000000800190c       0x24 Lib/ioLibrary_Driver/Internet/DHCP/dhcp.o
                0x000000000800190c                default_ip_conflict
 .text.reg_dhcp_cbfunc
                0x0000000008001930       0x40 Lib/ioLibrary_Driver/Internet/DHCP/dhcp.o
                0x0000000008001930                reg_dhcp_cbfunc
 .text.getDHCPLeasetime
                0x0000000008001970        0xc Lib/ioLibrary_Driver/Internet/DHCP/dhcp.o
                0x0000000008001970                getDHCPLeasetime
 .text.W5500_Select
                0x000000000800197c       0x14 Src/main.o
                0x000000000800197c                W5500_Select
 .text.W5500_Unselect
                0x0000000008001990       0x14 Src/main.o
                0x0000000008001990                W5500_Unselect
 .text.W5500_ReadBuff
                0x00000000080019a4       0x18 Src/main.o
                0x00000000080019a4                W5500_ReadBuff
 .text.W5500_ReadByte
                0x00000000080019bc       0x12 Src/main.o
                0x00000000080019bc                W5500_ReadByte
 *fill*         0x00000000080019ce        0x2 
 .text.W5500_WriteBuff
                0x00000000080019d0       0x18 Src/main.o
                0x00000000080019d0                W5500_WriteBuff
 .text.W5500_WriteByte
                0x00000000080019e8       0x12 Src/main.o
                0x00000000080019e8                W5500_WriteByte
 *fill*         0x00000000080019fa        0x2 
 .text.UART_Printf
                0x00000000080019fc       0x38 Src/main.o
                0x00000000080019fc                UART_Printf
 .text.Callback_IPAssigned
                0x0000000008001a34       0x20 Src/main.o
                0x0000000008001a34                Callback_IPAssigned
 .text.Callback_IPConflict
                0x0000000008001a54       0x10 Src/main.o
                0x0000000008001a54                Callback_IPConflict
 .text.init     0x0000000008001a64       0xdc Src/main.o
                0x0000000008001a64                init
 .text.loop     0x0000000008001b40        0xc Src/main.o
                0x0000000008001b40                loop
 .text.SystemClock_Config
                0x0000000008001b4c       0x6c Src/main.o
                0x0000000008001b4c                SystemClock_Config
 .text.startup.main
                0x0000000008001bb8      0x104 Src/main.o
                0x0000000008001bb8                main
 .text.HAL_MspInit
                0x0000000008001cbc       0x30 Src/stm32f0xx_hal_msp.o
                0x0000000008001cbc                HAL_MspInit
 .text.NMI_Handler
                0x0000000008001cec        0x2 Src/stm32f0xx_it.o
                0x0000000008001cec                NMI_Handler
 .text.HardFault_Handler
                0x0000000008001cee        0x2 Src/stm32f0xx_it.o
                0x0000000008001cee                HardFault_Handler
 .text.SVC_Handler
                0x0000000008001cf0        0x2 Src/stm32f0xx_it.o
                0x0000000008001cf0                SVC_Handler
 .text.PendSV_Handler
                0x0000000008001cf2        0x2 Src/stm32f0xx_it.o
                0x0000000008001cf2                PendSV_Handler
 .text.SysTick_Handler
                0x0000000008001cf4        0x8 Src/stm32f0xx_it.o
                0x0000000008001cf4                SysTick_Handler
 .text._sbrk    0x0000000008001cfc       0x34 Src/syscalls.o
                0x0000000008001cfc                _sbrk
 .text.SystemInit
                0x0000000008001d30       0x60 Src/system_stm32f0xx.o
                0x0000000008001d30                SystemInit
 .text.Reset_Handler
                0x0000000008001d90       0x50 startup/startup_stm32f030x6.o
                0x0000000008001d90                Reset_Handler
 .text.Default_Handler
                0x0000000008001de0        0x2 startup/startup_stm32f030x6.o
                0x0000000008001de0                TIM1_CC_IRQHandler
                0x0000000008001de0                I2C1_IRQHandler
                0x0000000008001de0                SPI1_IRQHandler
                0x0000000008001de0                EXTI2_3_IRQHandler
                0x0000000008001de0                ADC1_IRQHandler
                0x0000000008001de0                TIM17_IRQHandler
                0x0000000008001de0                RTC_IRQHandler
                0x0000000008001de0                TIM16_IRQHandler
                0x0000000008001de0                TIM3_IRQHandler
                0x0000000008001de0                EXTI4_15_IRQHandler
                0x0000000008001de0                RCC_IRQHandler
                0x0000000008001de0                DMA1_Channel1_IRQHandler
                0x0000000008001de0                Default_Handler
                0x0000000008001de0                TIM14_IRQHandler
                0x0000000008001de0                DMA1_Channel4_5_IRQHandler
                0x0000000008001de0                EXTI0_1_IRQHandler
                0x0000000008001de0                WWDG_IRQHandler
                0x0000000008001de0                DMA1_Channel2_3_IRQHandler
                0x0000000008001de0                FLASH_IRQHandler
                0x0000000008001de0                USART1_IRQHandler
                0x0000000008001de0                TIM1_BRK_UP_TRG_COM_IRQHandler
 *fill*         0x0000000008001de2        0x2 
 .text.__errno  0x0000000008001de4        0xc /opt/Atollic_TrueSTUDIO_for_STM32_x86_64_9.3.0/ARMTools/bin/../lib/gcc/arm-atollic-eabi/6.3.1/../../../../arm-atollic-eabi/lib/armv6-m/libc_nano.a(lib_a-errno.o)
                0x0000000008001de4                __errno
 .text.__libc_init_array
                0x0000000008001df0       0x48 /opt/Atollic_TrueSTUDIO_for_STM32_x86_64_9.3.0/ARMTools/bin/../lib/gcc/arm-atollic-eabi/6.3.1/../../../../arm-atollic-eabi/lib/armv6-m/libc_nano.a(lib_a-init.o)
                0x0000000008001df0                __libc_init_array
 .text.memcpy   0x0000000008001e38       0x12 /opt/Atollic_TrueSTUDIO_for_STM32_x86_64_9.3.0/ARMTools/bin/../lib/gcc/arm-atollic-eabi/6.3.1/../../../../arm-atollic-eabi/lib/armv6-m/libc_nano.a(lib_a-memcpy-stub.o)
                0x0000000008001e38                memcpy
 .text.memset   0x0000000008001e4a       0x10 /opt/Atollic_TrueSTUDIO_for_STM32_x86_64_9.3.0/ARMTools/bin/../lib/gcc/arm-atollic-eabi/6.3.1/../../../../arm-atollic-eabi/lib/armv6-m/libc_nano.a(lib_a-memset.o)
                0x0000000008001e4a                memset
 .text._vsnprintf_r
                0x0000000008001e5a       0x56 /opt/Atollic_TrueSTUDIO_for_STM32_x86_64_9.3.0/ARMTools/bin/../lib/gcc/arm-atollic-eabi/6.3.1/../../../../arm-atollic-eabi/lib/armv6-m/libc_nano.a(lib_a-vsnprintf.o)
                0x0000000008001e5a                _vsnprintf_r
                0x0000000008001e5a                _vsniprintf_r
 .text.vsnprintf
                0x0000000008001eb0       0x18 /opt/Atollic_TrueSTUDIO_for_STM32_x86_64_9.3.0/ARMTools/bin/../lib/gcc/arm-atollic-eabi/6.3.1/../../../../arm-atollic-eabi/lib/armv6-m/libc_nano.a(lib_a-vsnprintf.o)
                0x0000000008001eb0                vsnprintf
                0x0000000008001eb0                vsniprintf
 .text._malloc_r
                0x0000000008001ec8       0xbc /opt/Atollic_TrueSTUDIO_for_STM32_x86_64_9.3.0/ARMTools/bin/../lib/gcc/arm-atollic-eabi/6.3.1/../../../../arm-atollic-eabi/lib/armv6-m/libc_nano.a(lib_a-nano-mallocr.o)
                0x0000000008001ec8                _malloc_r
 .text.__ssputs_r
                0x0000000008001f84       0xc4 /opt/Atollic_TrueSTUDIO_for_STM32_x86_64_9.3.0/ARMTools/bin/../lib/gcc/arm-atollic-eabi/6.3.1/../../../../arm-atollic-eabi/lib/armv6-m/libc_nano.a(lib_a-nano-svfprintf.o)
                0x0000000008001f84                __ssputs_r
 .text._svfprintf_r
                0x0000000008002048      0x208 /opt/Atollic_TrueSTUDIO_for_STM32_x86_64_9.3.0/ARMTools/bin/../lib/gcc/arm-atollic-eabi/6.3.1/../../../../arm-atollic-eabi/lib/armv6-m/libc_nano.a(lib_a-nano-svfprintf.o)
                0x0000000008002048                _svfprintf_r
                0x0000000008002048                _svfiprintf_r
 .text._printf_common
                0x0000000008002250       0xda /opt/Atollic_TrueSTUDIO_for_STM32_x86_64_9.3.0/ARMTools/bin/../lib/gcc/arm-atollic-eabi/6.3.1/../../../../arm-atollic-eabi/lib/armv6-m/libc_nano.a(lib_a-nano-vfprintf_i.o)
                0x0000000008002250                _printf_common
 *fill*         0x000000000800232a        0x2 
 .text._printf_i
                0x000000000800232c      0x234 /opt/Atollic_TrueSTUDIO_for_STM32_x86_64_9.3.0/ARMTools/bin/../lib/gcc/arm-atollic-eabi/6.3.1/../../../../arm-atollic-eabi/lib/armv6-m/libc_nano.a(lib_a-nano-vfprintf_i.o)
                0x000000000800232c                _printf_i
 .text._sbrk_r  0x0000000008002560       0x24 /opt/Atollic_TrueSTUDIO_for_STM32_x86_64_9.3.0/ARMTools/bin/../lib/gcc/arm-atollic-eabi/6.3.1/../../../../arm-atollic-eabi/lib/armv6-m/libc_nano.a(lib_a-sbrkr.o)
                0x0000000008002560                _sbrk_r
 .text.memchr   0x0000000008002584       0x16 /opt/Atollic_TrueSTUDIO_for_STM32_x86_64_9.3.0/ARMTools/bin/../lib/gcc/arm-atollic-eabi/6.3.1/../../../../arm-atollic-eabi/lib/armv6-m/libc_nano.a(lib_a-memchr-stub.o)
                0x0000000008002584                memchr
 .text.memmove  0x000000000800259a       0x24 /opt/Atollic_TrueSTUDIO_for_STM32_x86_64_9.3.0/ARMTools/bin/../lib/gcc/arm-atollic-eabi/6.3.1/../../../../arm-atollic-eabi/lib/armv6-m/libc_nano.a(lib_a-memmove.o)
                0x000000000800259a                memmove
 .text.__malloc_lock
                0x00000000080025be        0x2 /opt/Atollic_TrueSTUDIO_for_STM32_x86_64_9.3.0/ARMTools/bin/../lib/gcc/arm-atollic-eabi/6.3.1/../../../../arm-atollic-eabi/lib/armv6-m/libc_nano.a(lib_a-mlock.o)
                0x00000000080025be                __malloc_lock
 .text.__malloc_unlock
                0x00000000080025c0        0x2 /opt/Atollic_TrueSTUDIO_for_STM32_x86_64_9.3.0/ARMTools/bin/../lib/gcc/arm-atollic-eabi/6.3.1/../../../../arm-atollic-eabi/lib/armv6-m/libc_nano.a(lib_a-mlock.o)
                0x00000000080025c0                __malloc_unlock
 *fill*         0x00000000080025c2        0x2 
 .text._free_r  0x00000000080025c4       0x94 /opt/Atollic_TrueSTUDIO_for_STM32_x86_64_9.3.0/ARMTools/bin/../lib/gcc/arm-atollic-eabi/6.3.1/../../../../arm-atollic-eabi/lib/armv6-m/libc_nano.a(lib_a-nano-freer.o)
                0x00000000080025c4                _free_r
 .text._realloc_r
                0x0000000008002658       0x4c /opt/Atollic_TrueSTUDIO_for_STM32_x86_64_9.3.0/ARMTools/bin/../lib/gcc/arm-atollic-eabi/6.3.1/../../../../arm-atollic-eabi/lib/armv6-m/libc_nano.a(lib_a-nano-reallocr.o)
                0x0000000008002658                _realloc_r
 .text._malloc_usable_size_r
                0x00000000080026a4       0x10 /opt/Atollic_TrueSTUDIO_for_STM32_x86_64_9.3.0/ARMTools/bin/../lib/gcc/arm-atollic-eabi/6.3.1/../../../../arm-atollic-eabi/lib/armv6-m/libc_nano.a(lib_a-nano-msizer.o)
                0x00000000080026a4                _malloc_usable_size_r
 *(.glue_7)
 .glue_7        0x00000000080026b4        0x0 linker stubs
 *(.glue_7t)
 .glue_7t       0x00000000080026b4        0x0 linker stubs
 *(.eh_frame)
 .eh_frame      0x00000000080026b4        0x0 /opt/Atollic_TrueSTUDIO_for_STM32_x86_64_9.3.0/ARMTools/bin/../lib/gcc/arm-atollic-eabi/6.3.1/armv6-m/crtbegin.o
 *(.init)
 .init          0x00000000080026b4        0x4 /opt/Atollic_TrueSTUDIO_for_STM32_x86_64_9.3.0/ARMTools/bin/../lib/gcc/arm-atollic-eabi/6.3.1/armv6-m/crti.o
                0x00000000080026b4                _init
 .init          0x00000000080026b8        0x8 /opt/Atollic_TrueSTUDIO_for_STM32_x86_64_9.3.0/ARMTools/bin/../lib/gcc/arm-atollic-eabi/6.3.1/armv6-m/crtn.o
 *(.fini)
 .fini          0x00000000080026c0        0x4 /opt/Atollic_TrueSTUDIO_for_STM32_x86_64_9.3.0/ARMTools/bin/../lib/gcc/arm-atollic-eabi/6.3.1/armv6-m/crti.o
                0x00000000080026c0                _fini
 .fini          0x00000000080026c4        0x8 /opt/Atollic_TrueSTUDIO_for_STM32_x86_64_9.3.0/ARMTools/bin/../lib/gcc/arm-atollic-eabi/6.3.1/armv6-m/crtn.o
                0x00000000080026cc                . = ALIGN (0x4)
                0x00000000080026cc                _etext = .

.vfp11_veneer   0x00000000080026cc        0x0
 .vfp11_veneer  0x00000000080026cc        0x0 linker stubs

.v4_bx          0x00000000080026cc        0x0
 .v4_bx         0x00000000080026cc        0x0 linker stubs

.iplt           0x00000000080026cc        0x0
 .iplt          0x00000000080026cc        0x0 /opt/Atollic_TrueSTUDIO_for_STM32_x86_64_9.3.0/ARMTools/bin/../lib/gcc/arm-atollic-eabi/6.3.1/armv6-m/crtbegin.o

.rodata         0x00000000080026cc      0x130
                0x00000000080026cc                . = ALIGN (0x4)
 *(.rodata)
 .rodata        0x00000000080026cc       0x20 Drivers/STM32F0xx_HAL_Driver/Src/stm32f0xx_hal_rcc.o
 .rodata        0x00000000080026ec        0x8 Src/main.o
 *(.rodata*)
 .rodata.Callback_IPAssigned.str1.1
                0x00000000080026f4       0x2d Src/main.o
 .rodata.Callback_IPConflict.str1.1
                0x0000000008002721       0x19 Src/main.o
 .rodata.init.str1.1
                0x000000000800273a       0x1d Src/main.o
 .rodata.AHBPrescTable
                0x0000000008002757       0x10 Src/system_stm32f0xx.o
                0x0000000008002757                AHBPrescTable
 *fill*         0x0000000008002767        0x1 
 .rodata.__sf_fake_stderr
                0x0000000008002768       0x20 /opt/Atollic_TrueSTUDIO_for_STM32_x86_64_9.3.0/ARMTools/bin/../lib/gcc/arm-atollic-eabi/6.3.1/../../../../arm-atollic-eabi/lib/armv6-m/libc_nano.a(lib_a-findfp.o)
                0x0000000008002768                __sf_fake_stderr
 .rodata.__sf_fake_stdin
                0x0000000008002788       0x20 /opt/Atollic_TrueSTUDIO_for_STM32_x86_64_9.3.0/ARMTools/bin/../lib/gcc/arm-atollic-eabi/6.3.1/../../../../arm-atollic-eabi/lib/armv6-m/libc_nano.a(lib_a-findfp.o)
                0x0000000008002788                __sf_fake_stdin
 .rodata.__sf_fake_stdout
                0x00000000080027a8       0x20 /opt/Atollic_TrueSTUDIO_for_STM32_x86_64_9.3.0/ARMTools/bin/../lib/gcc/arm-atollic-eabi/6.3.1/../../../../arm-atollic-eabi/lib/armv6-m/libc_nano.a(lib_a-findfp.o)
                0x00000000080027a8                __sf_fake_stdout
 .rodata._svfprintf_r.str1.1
                0x00000000080027c8       0x11 /opt/Atollic_TrueSTUDIO_for_STM32_x86_64_9.3.0/ARMTools/bin/../lib/gcc/arm-atollic-eabi/6.3.1/../../../../arm-atollic-eabi/lib/armv6-m/libc_nano.a(lib_a-nano-svfprintf.o)
 .rodata._printf_i.str1.1
                0x00000000080027d9       0x22 /opt/Atollic_TrueSTUDIO_for_STM32_x86_64_9.3.0/ARMTools/bin/../lib/gcc/arm-atollic-eabi/6.3.1/../../../../arm-atollic-eabi/lib/armv6-m/libc_nano.a(lib_a-nano-vfprintf_i.o)
                0x00000000080027fc                . = ALIGN (0x4)
 *fill*         0x00000000080027fb        0x1 

.rel.dyn        0x00000000080027fc        0x0
 .rel.iplt      0x00000000080027fc        0x0 /opt/Atollic_TrueSTUDIO_for_STM32_x86_64_9.3.0/ARMTools/bin/../lib/gcc/arm-atollic-eabi/6.3.1/armv6-m/crtbegin.o

.ARM.extab
 *(.ARM.extab* .gnu.linkonce.armextab.*)

.ARM            0x00000000080027fc        0x0
                0x00000000080027fc                __exidx_start = .
 *(.ARM.exidx*)
                0x00000000080027fc                __exidx_end = .

.preinit_array  0x00000000080027fc        0x0
                0x00000000080027fc                PROVIDE (__preinit_array_start, .)
 *(.preinit_array*)
                0x00000000080027fc                PROVIDE (__preinit_array_end, .)

.init_array     0x00000000080027fc        0x4
                0x00000000080027fc                PROVIDE (__init_array_start, .)
 *(SORT(.init_array.*))
 *(.init_array*)
 .init_array    0x00000000080027fc        0x4 /opt/Atollic_TrueSTUDIO_for_STM32_x86_64_9.3.0/ARMTools/bin/../lib/gcc/arm-atollic-eabi/6.3.1/armv6-m/crtbegin.o
                0x0000000008002800                PROVIDE (__init_array_end, .)

.fini_array     0x0000000008002800        0x4
                [!provide]                        PROVIDE (__fini_array_start, .)
 *(SORT(.fini_array.*))
 *(.fini_array*)
 .fini_array    0x0000000008002800        0x4 /opt/Atollic_TrueSTUDIO_for_STM32_x86_64_9.3.0/ARMTools/bin/../lib/gcc/arm-atollic-eabi/6.3.1/armv6-m/crtbegin.o
                [!provide]                        PROVIDE (__fini_array_end, .)
                0x0000000008002804                _sidata = LOADADDR (.data)

.data           0x0000000020000000       0xa4 load address 0x0000000008002804
                0x0000000020000000                . = ALIGN (0x4)
                0x0000000020000000                _sdata = .
 *(.data)
 *(.data*)
 .data.sock_any_port
                0x0000000020000000        0x2 Lib/ioLibrary_Driver/Ethernet/socket.o
 *fill*         0x0000000020000002        0x2 
 .data.WIZCHIP  0x0000000020000004       0x28 Lib/ioLibrary_Driver/Ethernet/wizchip_conf.o
                0x0000000020000004                WIZCHIP
 .data.dhcp_ip_assign
                0x000000002000002c        0x4 Lib/ioLibrary_Driver/Internet/DHCP/dhcp.o
                0x000000002000002c                dhcp_ip_assign
 .data.dhcp_ip_conflict
                0x0000000020000030        0x4 Lib/ioLibrary_Driver/Internet/DHCP/dhcp.o
                0x0000000020000030                dhcp_ip_conflict
 .data.dhcp_ip_update
                0x0000000020000034        0x4 Lib/ioLibrary_Driver/Internet/DHCP/dhcp.o
                0x0000000020000034                dhcp_ip_update
 .data.dhcp_lease_time
                0x0000000020000038        0x4 Lib/ioLibrary_Driver/Internet/DHCP/dhcp.o
                0x0000000020000038                dhcp_lease_time
 .data.SystemCoreClock
                0x000000002000003c        0x4 Src/system_stm32f0xx.o
                0x000000002000003c                SystemCoreClock
 .data._impure_ptr
                0x0000000020000040        0x4 /opt/Atollic_TrueSTUDIO_for_STM32_x86_64_9.3.0/ARMTools/bin/../lib/gcc/arm-atollic-eabi/6.3.1/../../../../arm-atollic-eabi/lib/armv6-m/libc_nano.a(lib_a-impure.o)
                0x0000000020000040                _impure_ptr
 .data.impure_data
                0x0000000020000044       0x60 /opt/Atollic_TrueSTUDIO_for_STM32_x86_64_9.3.0/ARMTools/bin/../lib/gcc/arm-atollic-eabi/6.3.1/../../../../arm-atollic-eabi/lib/armv6-m/libc_nano.a(lib_a-impure.o)
                0x00000000200000a4                . = ALIGN (0x4)
                0x00000000200000a4                _edata = .

.igot.plt       0x00000000200000a4        0x0 load address 0x00000000080028a8
 .igot.plt      0x00000000200000a4        0x0 /opt/Atollic_TrueSTUDIO_for_STM32_x86_64_9.3.0/ARMTools/bin/../lib/gcc/arm-atollic-eabi/6.3.1/armv6-m/crtbegin.o
                0x00000000200000a4                . = ALIGN (0x4)

.bss            0x00000000200000a4      0x198 load address 0x00000000080028a8
                0x00000000200000a4                _sbss = .
                0x00000000200000a4                __bss_start__ = _sbss
 *(.bss)
 .bss           0x00000000200000a4       0x1c /opt/Atollic_TrueSTUDIO_for_STM32_x86_64_9.3.0/ARMTools/bin/../lib/gcc/arm-atollic-eabi/6.3.1/armv6-m/crtbegin.o
 *(.bss*)
 .bss.sock_io_mode
                0x00000000200000c0        0x2 Lib/ioLibrary_Driver/Ethernet/socket.o
 .bss.sock_is_sending
                0x00000000200000c2        0x2 Lib/ioLibrary_Driver/Ethernet/socket.o
 .bss.sock_pack_info
                0x00000000200000c4        0x8 Lib/ioLibrary_Driver/Ethernet/socket.o
                0x00000000200000c4                sock_pack_info
 .bss.sock_remained_size
                0x00000000200000cc       0x10 Lib/ioLibrary_Driver/Ethernet/socket.o
 .bss._DHCP_    0x00000000200000dc        0x1 Lib/ioLibrary_Driver/Ethernet/wizchip_conf.o
 .bss._DNS_     0x00000000200000dd        0x4 Lib/ioLibrary_Driver/Ethernet/wizchip_conf.o
 .bss.DHCP_allocated_gw
                0x00000000200000e1        0x4 Lib/ioLibrary_Driver/Internet/DHCP/dhcp.o
                0x00000000200000e1                DHCP_allocated_gw
 .bss.DHCP_allocated_ip
                0x00000000200000e5        0x4 Lib/ioLibrary_Driver/Internet/DHCP/dhcp.o
                0x00000000200000e5                DHCP_allocated_ip
 .bss.DHCP_allocated_sn
                0x00000000200000e9        0x4 Lib/ioLibrary_Driver/Internet/DHCP/dhcp.o
                0x00000000200000e9                DHCP_allocated_sn
 .bss.ip_assigned
                0x00000000200000ed        0x1 Src/main.o
                0x00000000200000ed                ip_assigned
 *fill*         0x00000000200000ee        0x2 
 .bss.heap_end.5887
                0x00000000200000f0        0x4 Src/syscalls.o
 .bss.__malloc_free_list
                0x00000000200000f4        0x4 /opt/Atollic_TrueSTUDIO_for_STM32_x86_64_9.3.0/ARMTools/bin/../lib/gcc/arm-atollic-eabi/6.3.1/../../../../arm-atollic-eabi/lib/armv6-m/libc_nano.a(lib_a-nano-mallocr.o)
                0x00000000200000f4                __malloc_free_list
 .bss.__malloc_sbrk_start
                0x00000000200000f8        0x4 /opt/Atollic_TrueSTUDIO_for_STM32_x86_64_9.3.0/ARMTools/bin/../lib/gcc/arm-atollic-eabi/6.3.1/../../../../arm-atollic-eabi/lib/armv6-m/libc_nano.a(lib_a-nano-mallocr.o)
                0x00000000200000f8                __malloc_sbrk_start
 *(COMMON)
 COMMON         0x00000000200000fc        0x4 Drivers/STM32F0xx_HAL_Driver/Src/stm32f0xx_hal.o
                0x00000000200000fc                uwTick
 COMMON         0x0000000020000100       0x15 Lib/ioLibrary_Driver/Internet/DHCP/dhcp.o
                0x0000000020000100                DHCP_CHADDR
                0x0000000020000108                DHCP_XID
                0x000000002000010c                DHCP_SIP
                0x0000000020000110                pDHCPMSG
                0x0000000020000114                DHCP_SOCKET
 *fill*         0x0000000020000115        0x3 
 COMMON         0x0000000020000118      0x120 Src/main.o
                0x0000000020000118                hi2c1
                0x0000000020000164                huart1
                0x00000000200001d4                hspi1
 COMMON         0x0000000020000238        0x4 /opt/Atollic_TrueSTUDIO_for_STM32_x86_64_9.3.0/ARMTools/bin/../lib/gcc/arm-atollic-eabi/6.3.1/../../../../arm-atollic-eabi/lib/armv6-m/libc_nano.a(lib_a-reent.o)
                0x0000000020000238                errno
                0x000000002000023c                . = ALIGN (0x4)
                0x000000002000023c                _ebss = .
                0x000000002000023c                __bss_end__ = _ebss

._user_heap_stack
                0x000000002000023c      0x600 load address 0x00000000080028a8
                0x000000002000023c                . = ALIGN (0x4)
                0x000000002000023c                PROVIDE (end, .)
                [!provide]                        PROVIDE (_end, .)
                0x000000002000043c                . = (. + _Min_Heap_Size)
 *fill*         0x000000002000023c      0x200 
                0x000000002000083c                . = (. + _Min_Stack_Size)
 *fill*         0x000000002000043c      0x400 
                0x000000002000083c                . = ALIGN (0x4)

/DISCARD/
 libc.a(*)
 libm.a(*)
 libgcc.a(*)

.ARM.attributes
                0x0000000000000000       0x28
 *(.ARM.attributes)
 .ARM.attributes
                0x0000000000000000       0x1e /opt/Atollic_TrueSTUDIO_for_STM32_x86_64_9.3.0/ARMTools/bin/../lib/gcc/arm-atollic-eabi/6.3.1/armv6-m/crti.o
 .ARM.attributes
                0x000000000000001e       0x2c /opt/Atollic_TrueSTUDIO_for_STM32_x86_64_9.3.0/ARMTools/bin/../lib/gcc/arm-atollic-eabi/6.3.1/armv6-m/crtbegin.o
 .ARM.attributes
                0x000000000000004a       0x31 Drivers/STM32F0xx_HAL_Driver/Src/stm32f0xx_hal.o
 .ARM.attributes
                0x000000000000007b       0x31 Drivers/STM32F0xx_HAL_Driver/Src/stm32f0xx_hal_cortex.o
 .ARM.attributes
                0x00000000000000ac       0x31 Drivers/STM32F0xx_HAL_Driver/Src/stm32f0xx_hal_gpio.o
 .ARM.attributes
                0x00000000000000dd       0x31 Drivers/STM32F0xx_HAL_Driver/Src/stm32f0xx_hal_rcc.o
 .ARM.attributes
                0x000000000000010e       0x31 Drivers/STM32F0xx_HAL_Driver/Src/stm32f0xx_hal_rcc_ex.o
 .ARM.attributes
                0x000000000000013f       0x31 Drivers/STM32F0xx_HAL_Driver/Src/stm32f0xx_hal_spi.o
 .ARM.attributes
                0x0000000000000170       0x31 Drivers/STM32F0xx_HAL_Driver/Src/stm32f0xx_hal_uart.o
 .ARM.attributes
                0x00000000000001a1       0x31 Lib/ioLibrary_Driver/Ethernet/W5500/w5500.o
 .ARM.attributes
                0x00000000000001d2       0x31 Lib/ioLibrary_Driver/Ethernet/socket.o
 .ARM.attributes
                0x0000000000000203       0x31 Lib/ioLibrary_Driver/Ethernet/wizchip_conf.o
 .ARM.attributes
                0x0000000000000234       0x31 Lib/ioLibrary_Driver/Internet/DHCP/dhcp.o
 .ARM.attributes
                0x0000000000000265       0x31 Src/main.o
 .ARM.attributes
                0x0000000000000296       0x31 Src/stm32f0xx_hal_msp.o
 .ARM.attributes
                0x00000000000002c7       0x31 Src/stm32f0xx_it.o
 .ARM.attributes
                0x00000000000002f8       0x31 Src/syscalls.o
 .ARM.attributes
                0x0000000000000329       0x31 Src/system_stm32f0xx.o
 .ARM.attributes
                0x000000000000035a       0x21 startup/startup_stm32f030x6.o
 .ARM.attributes
                0x000000000000037b       0x2c /opt/Atollic_TrueSTUDIO_for_STM32_x86_64_9.3.0/ARMTools/bin/../lib/gcc/arm-atollic-eabi/6.3.1/../../../../arm-atollic-eabi/lib/armv6-m/libc_nano.a(lib_a-errno.o)
 .ARM.attributes
                0x00000000000003a7       0x2c /opt/Atollic_TrueSTUDIO_for_STM32_x86_64_9.3.0/ARMTools/bin/../lib/gcc/arm-atollic-eabi/6.3.1/../../../../arm-atollic-eabi/lib/armv6-m/libc_nano.a(lib_a-impure.o)
 .ARM.attributes
                0x00000000000003d3       0x2c /opt/Atollic_TrueSTUDIO_for_STM32_x86_64_9.3.0/ARMTools/bin/../lib/gcc/arm-atollic-eabi/6.3.1/../../../../arm-atollic-eabi/lib/armv6-m/libc_nano.a(lib_a-init.o)
 .ARM.attributes
                0x00000000000003ff       0x2c /opt/Atollic_TrueSTUDIO_for_STM32_x86_64_9.3.0/ARMTools/bin/../lib/gcc/arm-atollic-eabi/6.3.1/../../../../arm-atollic-eabi/lib/armv6-m/libc_nano.a(lib_a-memcpy-stub.o)
 .ARM.attributes
                0x000000000000042b       0x2c /opt/Atollic_TrueSTUDIO_for_STM32_x86_64_9.3.0/ARMTools/bin/../lib/gcc/arm-atollic-eabi/6.3.1/../../../../arm-atollic-eabi/lib/armv6-m/libc_nano.a(lib_a-memset.o)
 .ARM.attributes
                0x0000000000000457       0x1c /opt/Atollic_TrueSTUDIO_for_STM32_x86_64_9.3.0/ARMTools/bin/../lib/gcc/arm-atollic-eabi/6.3.1/../../../../arm-atollic-eabi/lib/armv6-m/libc_nano.a(lib_a-strlen.o)
 .ARM.attributes
                0x0000000000000473       0x2c /opt/Atollic_TrueSTUDIO_for_STM32_x86_64_9.3.0/ARMTools/bin/../lib/gcc/arm-atollic-eabi/6.3.1/../../../../arm-atollic-eabi/lib/armv6-m/libc_nano.a(lib_a-vsnprintf.o)
 .ARM.attributes
                0x000000000000049f       0x2c /opt/Atollic_TrueSTUDIO_for_STM32_x86_64_9.3.0/ARMTools/bin/../lib/gcc/arm-atollic-eabi/6.3.1/../../../../arm-atollic-eabi/lib/armv6-m/libc_nano.a(lib_a-findfp.o)
 .ARM.attributes
                0x00000000000004cb       0x2c /opt/Atollic_TrueSTUDIO_for_STM32_x86_64_9.3.0/ARMTools/bin/../lib/gcc/arm-atollic-eabi/6.3.1/../../../../arm-atollic-eabi/lib/armv6-m/libc_nano.a(lib_a-nano-mallocr.o)
 .ARM.attributes
                0x00000000000004f7       0x2c /opt/Atollic_TrueSTUDIO_for_STM32_x86_64_9.3.0/ARMTools/bin/../lib/gcc/arm-atollic-eabi/6.3.1/../../../../arm-atollic-eabi/lib/armv6-m/libc_nano.a(lib_a-nano-svfprintf.o)
 .ARM.attributes
                0x0000000000000523       0x2c /opt/Atollic_TrueSTUDIO_for_STM32_x86_64_9.3.0/ARMTools/bin/../lib/gcc/arm-atollic-eabi/6.3.1/../../../../arm-atollic-eabi/lib/armv6-m/libc_nano.a(lib_a-nano-vfprintf_i.o)
 .ARM.attributes
                0x000000000000054f       0x2c /opt/Atollic_TrueSTUDIO_for_STM32_x86_64_9.3.0/ARMTools/bin/../lib/gcc/arm-atollic-eabi/6.3.1/../../../../arm-atollic-eabi/lib/armv6-m/libc_nano.a(lib_a-sbrkr.o)
 .ARM.attributes
                0x000000000000057b       0x2c /opt/Atollic_TrueSTUDIO_for_STM32_x86_64_9.3.0/ARMTools/bin/../lib/gcc/arm-atollic-eabi/6.3.1/../../../../arm-atollic-eabi/lib/armv6-m/libc_nano.a(lib_a-memchr-stub.o)
 .ARM.attributes
                0x00000000000005a7       0x2c /opt/Atollic_TrueSTUDIO_for_STM32_x86_64_9.3.0/ARMTools/bin/../lib/gcc/arm-atollic-eabi/6.3.1/../../../../arm-atollic-eabi/lib/armv6-m/libc_nano.a(lib_a-memmove.o)
 .ARM.attributes
                0x00000000000005d3       0x2c /opt/Atollic_TrueSTUDIO_for_STM32_x86_64_9.3.0/ARMTools/bin/../lib/gcc/arm-atollic-eabi/6.3.1/../../../../arm-atollic-eabi/lib/armv6-m/libc_nano.a(lib_a-mlock.o)
 .ARM.attributes
                0x00000000000005ff       0x2c /opt/Atollic_TrueSTUDIO_for_STM32_x86_64_9.3.0/ARMTools/bin/../lib/gcc/arm-atollic-eabi/6.3.1/../../../../arm-atollic-eabi/lib/armv6-m/libc_nano.a(lib_a-nano-freer.o)
 .ARM.attributes
                0x000000000000062b       0x2c /opt/Atollic_TrueSTUDIO_for_STM32_x86_64_9.3.0/ARMTools/bin/../lib/gcc/arm-atollic-eabi/6.3.1/../../../../arm-atollic-eabi/lib/armv6-m/libc_nano.a(lib_a-nano-reallocr.o)
 .ARM.attributes
                0x0000000000000657       0x2c /opt/Atollic_TrueSTUDIO_for_STM32_x86_64_9.3.0/ARMTools/bin/../lib/gcc/arm-atollic-eabi/6.3.1/../../../../arm-atollic-eabi/lib/armv6-m/libc_nano.a(lib_a-reent.o)
 .ARM.attributes
                0x0000000000000683       0x2c /opt/Atollic_TrueSTUDIO_for_STM32_x86_64_9.3.0/ARMTools/bin/../lib/gcc/arm-atollic-eabi/6.3.1/../../../../arm-atollic-eabi/lib/armv6-m/libc_nano.a(lib_a-nano-msizer.o)
 .ARM.attributes
                0x00000000000006af       0x1e /opt/Atollic_TrueSTUDIO_for_STM32_x86_64_9.3.0/ARMTools/bin/../lib/gcc/arm-atollic-eabi/6.3.1/armv6-m/libgcc.a(_udivsi3.o)
 .ARM.attributes
                0x00000000000006cd       0x1e /opt/Atollic_TrueSTUDIO_for_STM32_x86_64_9.3.0/ARMTools/bin/../lib/gcc/arm-atollic-eabi/6.3.1/armv6-m/libgcc.a(_dvmd_tls.o)
 .ARM.attributes
                0x00000000000006eb       0x1e /opt/Atollic_TrueSTUDIO_for_STM32_x86_64_9.3.0/ARMTools/bin/../lib/gcc/arm-atollic-eabi/6.3.1/armv6-m/crtn.o
OUTPUT(ethernet_light.elf elf32-littlearm)

.debug_info     0x0000000000000000    0x12daf
 .debug_info    0x0000000000000000      0xe2b Drivers/STM32F0xx_HAL_Driver/Src/stm32f0xx_hal.o
 .debug_info    0x0000000000000e2b      0xfdb Drivers/STM32F0xx_HAL_Driver/Src/stm32f0xx_hal_cortex.o
 .debug_info    0x0000000000001e06      0xe4c Drivers/STM32F0xx_HAL_Driver/Src/stm32f0xx_hal_gpio.o
 .debug_info    0x0000000000002c52     0x1168 Drivers/STM32F0xx_HAL_Driver/Src/stm32f0xx_hal_rcc.o
 .debug_info    0x0000000000003dba      0xbed Drivers/STM32F0xx_HAL_Driver/Src/stm32f0xx_hal_rcc_ex.o
 .debug_info    0x00000000000049a7     0x2761 Drivers/STM32F0xx_HAL_Driver/Src/stm32f0xx_hal_spi.o
 .debug_info    0x0000000000007108     0x2071 Drivers/STM32F0xx_HAL_Driver/Src/stm32f0xx_hal_uart.o
 .debug_info    0x0000000000009179      0x86e Lib/ioLibrary_Driver/Ethernet/W5500/w5500.o
 .debug_info    0x00000000000099e7     0x12aa Lib/ioLibrary_Driver/Ethernet/socket.o
 .debug_info    0x000000000000ac91     0x1276 Lib/ioLibrary_Driver/Ethernet/wizchip_conf.o
 .debug_info    0x000000000000bf07      0xf8b Lib/ioLibrary_Driver/Internet/DHCP/dhcp.o
 .debug_info    0x000000000000ce92     0x22ec Src/main.o
 .debug_info    0x000000000000f17e     0x180c Src/stm32f0xx_hal_msp.o
 .debug_info    0x000000000001098a      0x969 Src/stm32f0xx_it.o
 .debug_info    0x00000000000112f3      0xfe1 Src/syscalls.o
 .debug_info    0x00000000000122d4      0xa67 Src/system_stm32f0xx.o
 .debug_info    0x0000000000012d3b       0x74 startup/startup_stm32f030x6.o

.debug_abbrev   0x0000000000000000     0x2cb8
 .debug_abbrev  0x0000000000000000      0x2d1 Drivers/STM32F0xx_HAL_Driver/Src/stm32f0xx_hal.o
 .debug_abbrev  0x00000000000002d1      0x30a Drivers/STM32F0xx_HAL_Driver/Src/stm32f0xx_hal_cortex.o
 .debug_abbrev  0x00000000000005db      0x277 Drivers/STM32F0xx_HAL_Driver/Src/stm32f0xx_hal_gpio.o
 .debug_abbrev  0x0000000000000852      0x2ea Drivers/STM32F0xx_HAL_Driver/Src/stm32f0xx_hal_rcc.o
 .debug_abbrev  0x0000000000000b3c      0x268 Drivers/STM32F0xx_HAL_Driver/Src/stm32f0xx_hal_rcc_ex.o
 .debug_abbrev  0x0000000000000da4      0x3b2 Drivers/STM32F0xx_HAL_Driver/Src/stm32f0xx_hal_spi.o
 .debug_abbrev  0x0000000000001156      0x378 Drivers/STM32F0xx_HAL_Driver/Src/stm32f0xx_hal_uart.o
 .debug_abbrev  0x00000000000014ce      0x243 Lib/ioLibrary_Driver/Ethernet/W5500/w5500.o
 .debug_abbrev  0x0000000000001711      0x261 Lib/ioLibrary_Driver/Ethernet/socket.o
 .debug_abbrev  0x0000000000001972      0x3aa Lib/ioLibrary_Driver/Ethernet/wizchip_conf.o
 .debug_abbrev  0x0000000000001d1c      0x32c Lib/ioLibrary_Driver/Internet/DHCP/dhcp.o
 .debug_abbrev  0x0000000000002048      0x3ca Src/main.o
 .debug_abbrev  0x0000000000002412      0x21a Src/stm32f0xx_hal_msp.o
 .debug_abbrev  0x000000000000262c      0x1d7 Src/stm32f0xx_it.o
 .debug_abbrev  0x0000000000002803      0x2d9 Src/syscalls.o
 .debug_abbrev  0x0000000000002adc      0x1ca Src/system_stm32f0xx.o
 .debug_abbrev  0x0000000000002ca6       0x12 startup/startup_stm32f030x6.o

.debug_loc      0x0000000000000000     0x6ff1
 .debug_loc     0x0000000000000000       0x7c Drivers/STM32F0xx_HAL_Driver/Src/stm32f0xx_hal.o
 .debug_loc     0x000000000000007c      0x3cc Drivers/STM32F0xx_HAL_Driver/Src/stm32f0xx_hal_cortex.o
 .debug_loc     0x0000000000000448      0x307 Drivers/STM32F0xx_HAL_Driver/Src/stm32f0xx_hal_gpio.o
 .debug_loc     0x000000000000074f      0x49e Drivers/STM32F0xx_HAL_Driver/Src/stm32f0xx_hal_rcc.o
 .debug_loc     0x0000000000000bed      0x26f Drivers/STM32F0xx_HAL_Driver/Src/stm32f0xx_hal_rcc_ex.o
 .debug_loc     0x0000000000000e5c     0x19ab Drivers/STM32F0xx_HAL_Driver/Src/stm32f0xx_hal_spi.o
 .debug_loc     0x0000000000002807     0x1400 Drivers/STM32F0xx_HAL_Driver/Src/stm32f0xx_hal_uart.o
 .debug_loc     0x0000000000003c07      0x587 Lib/ioLibrary_Driver/Ethernet/W5500/w5500.o
 .debug_loc     0x000000000000418e     0x11b2 Lib/ioLibrary_Driver/Ethernet/socket.o
 .debug_loc     0x0000000000005340      0xb16 Lib/ioLibrary_Driver/Ethernet/wizchip_conf.o
 .debug_loc     0x0000000000005e56      0xa63 Lib/ioLibrary_Driver/Internet/DHCP/dhcp.o
 .debug_loc     0x00000000000068b9       0xcc Src/main.o
 .debug_loc     0x0000000000006985       0xe7 Src/stm32f0xx_hal_msp.o
 .debug_loc     0x0000000000006a6c      0x45e Src/syscalls.o
 .debug_loc     0x0000000000006eca      0x127 Src/system_stm32f0xx.o

.debug_aranges  0x0000000000000000      0xa18
 .debug_aranges
                0x0000000000000000       0xb0 Drivers/STM32F0xx_HAL_Driver/Src/stm32f0xx_hal.o
 .debug_aranges
                0x00000000000000b0       0x78 Drivers/STM32F0xx_HAL_Driver/Src/stm32f0xx_hal_cortex.o
 .debug_aranges
                0x0000000000000128       0x58 Drivers/STM32F0xx_HAL_Driver/Src/stm32f0xx_hal_gpio.o
 .debug_aranges
                0x0000000000000180       0x80 Drivers/STM32F0xx_HAL_Driver/Src/stm32f0xx_hal_rcc.o
 .debug_aranges
                0x0000000000000200       0x30 Drivers/STM32F0xx_HAL_Driver/Src/stm32f0xx_hal_rcc_ex.o
 .debug_aranges
                0x0000000000000230      0x198 Drivers/STM32F0xx_HAL_Driver/Src/stm32f0xx_hal_spi.o
 .debug_aranges
                0x00000000000003c8      0x188 Drivers/STM32F0xx_HAL_Driver/Src/stm32f0xx_hal_uart.o
 .debug_aranges
                0x0000000000000550       0x60 Lib/ioLibrary_Driver/Ethernet/W5500/w5500.o
 .debug_aranges
                0x00000000000005b0       0x78 Lib/ioLibrary_Driver/Ethernet/socket.o
 .debug_aranges
                0x0000000000000628      0x118 Lib/ioLibrary_Driver/Ethernet/wizchip_conf.o
 .debug_aranges
                0x0000000000000740       0xc8 Lib/ioLibrary_Driver/Internet/DHCP/dhcp.o
 .debug_aranges
                0x0000000000000808       0x90 Src/main.o
 .debug_aranges
                0x0000000000000898       0x50 Src/stm32f0xx_hal_msp.o
 .debug_aranges
                0x00000000000008e8       0x30 Src/stm32f0xx_it.o
 .debug_aranges
                0x0000000000000918       0xb0 Src/syscalls.o
 .debug_aranges
                0x00000000000009c8       0x28 Src/system_stm32f0xx.o
 .debug_aranges
                0x00000000000009f0       0x28 startup/startup_stm32f030x6.o

.debug_ranges   0x0000000000000000      0xd70
 .debug_ranges  0x0000000000000000       0xa0 Drivers/STM32F0xx_HAL_Driver/Src/stm32f0xx_hal.o
 .debug_ranges  0x00000000000000a0      0x120 Drivers/STM32F0xx_HAL_Driver/Src/stm32f0xx_hal_cortex.o
 .debug_ranges  0x00000000000001c0       0x70 Drivers/STM32F0xx_HAL_Driver/Src/stm32f0xx_hal_gpio.o
 .debug_ranges  0x0000000000000230       0xa0 Drivers/STM32F0xx_HAL_Driver/Src/stm32f0xx_hal_rcc.o
 .debug_ranges  0x00000000000002d0       0x40 Drivers/STM32F0xx_HAL_Driver/Src/stm32f0xx_hal_rcc_ex.o
 .debug_ranges  0x0000000000000310      0x278 Drivers/STM32F0xx_HAL_Driver/Src/stm32f0xx_hal_spi.o
 .debug_ranges  0x0000000000000588      0x1f0 Drivers/STM32F0xx_HAL_Driver/Src/stm32f0xx_hal_uart.o
 .debug_ranges  0x0000000000000778       0x50 Lib/ioLibrary_Driver/Ethernet/W5500/w5500.o
 .debug_ranges  0x00000000000007c8       0x80 Lib/ioLibrary_Driver/Ethernet/socket.o
 .debug_ranges  0x0000000000000848      0x108 Lib/ioLibrary_Driver/Ethernet/wizchip_conf.o
 .debug_ranges  0x0000000000000950       0xd0 Lib/ioLibrary_Driver/Internet/DHCP/dhcp.o
 .debug_ranges  0x0000000000000a20      0x110 Src/main.o
 .debug_ranges  0x0000000000000b30      0x148 Src/stm32f0xx_hal_msp.o
 .debug_ranges  0x0000000000000c78       0x20 Src/stm32f0xx_it.o
 .debug_ranges  0x0000000000000c98       0xa0 Src/syscalls.o
 .debug_ranges  0x0000000000000d38       0x18 Src/system_stm32f0xx.o
 .debug_ranges  0x0000000000000d50       0x20 startup/startup_stm32f030x6.o

.debug_line     0x0000000000000000     0x56cf
 .debug_line    0x0000000000000000      0x41f Drivers/STM32F0xx_HAL_Driver/Src/stm32f0xx_hal.o
 .debug_line    0x000000000000041f      0x3f2 Drivers/STM32F0xx_HAL_Driver/Src/stm32f0xx_hal_cortex.o
 .debug_line    0x0000000000000811      0x400 Drivers/STM32F0xx_HAL_Driver/Src/stm32f0xx_hal_gpio.o
 .debug_line    0x0000000000000c11      0x602 Drivers/STM32F0xx_HAL_Driver/Src/stm32f0xx_hal_rcc.o
 .debug_line    0x0000000000001213      0x393 Drivers/STM32F0xx_HAL_Driver/Src/stm32f0xx_hal_rcc_ex.o
 .debug_line    0x00000000000015a6      0xdc9 Drivers/STM32F0xx_HAL_Driver/Src/stm32f0xx_hal_spi.o
 .debug_line    0x000000000000236f      0xd7d Drivers/STM32F0xx_HAL_Driver/Src/stm32f0xx_hal_uart.o
 .debug_line    0x00000000000030ec      0x2c2 Lib/ioLibrary_Driver/Ethernet/W5500/w5500.o
 .debug_line    0x00000000000033ae      0x506 Lib/ioLibrary_Driver/Ethernet/socket.o
 .debug_line    0x00000000000038b4      0x587 Lib/ioLibrary_Driver/Ethernet/wizchip_conf.o
 .debug_line    0x0000000000003e3b      0x64f Lib/ioLibrary_Driver/Internet/DHCP/dhcp.o
 .debug_line    0x000000000000448a      0x622 Src/main.o
 .debug_line    0x0000000000004aac      0x38c Src/stm32f0xx_hal_msp.o
 .debug_line    0x0000000000004e38      0x23e Src/stm32f0xx_it.o
 .debug_line    0x0000000000005076      0x39a Src/syscalls.o
 .debug_line    0x0000000000005410      0x23c Src/system_stm32f0xx.o
 .debug_line    0x000000000000564c       0x83 startup/startup_stm32f030x6.o

.debug_str      0x0000000000000000     0x3aae
 .debug_str     0x0000000000000000      0x94a Drivers/STM32F0xx_HAL_Driver/Src/stm32f0xx_hal.o
                                        0xa04 (size before relaxing)
 .debug_str     0x000000000000094a      0x1f8 Drivers/STM32F0xx_HAL_Driver/Src/stm32f0xx_hal_cortex.o
                                        0xa0c (size before relaxing)
 .debug_str     0x0000000000000b42      0x1c7 Drivers/STM32F0xx_HAL_Driver/Src/stm32f0xx_hal_gpio.o
                                        0x866 (size before relaxing)
 .debug_str     0x0000000000000d09      0x2e7 Drivers/STM32F0xx_HAL_Driver/Src/stm32f0xx_hal_rcc.o
                                        0xa46 (size before relaxing)
 .debug_str     0x0000000000000ff0      0x127 Drivers/STM32F0xx_HAL_Driver/Src/stm32f0xx_hal_rcc_ex.o
                                        0x806 (size before relaxing)
 .debug_str     0x0000000000001117      0x90f Drivers/STM32F0xx_HAL_Driver/Src/stm32f0xx_hal_spi.o
                                        0xfad (size before relaxing)
 .debug_str     0x0000000000001a26      0x808 Drivers/STM32F0xx_HAL_Driver/Src/stm32f0xx_hal_uart.o
                                       0x11b4 (size before relaxing)
 .debug_str     0x000000000000222e      0x146 Lib/ioLibrary_Driver/Ethernet/W5500/w5500.o
                                        0x315 (size before relaxing)
 .debug_str     0x0000000000002374      0x277 Lib/ioLibrary_Driver/Ethernet/socket.o
                                        0x56f (size before relaxing)
 .debug_str     0x00000000000025eb      0x675 Lib/ioLibrary_Driver/Ethernet/wizchip_conf.o
                                        0x92e (size before relaxing)
 .debug_str     0x0000000000002c60      0x704 Lib/ioLibrary_Driver/Internet/DHCP/dhcp.o
                                        0xa0a (size before relaxing)
 .debug_str     0x0000000000003364      0x3ff Src/main.o
                                       0x1505 (size before relaxing)
 .debug_str     0x0000000000003763       0x42 Src/stm32f0xx_hal_msp.o
                                       0x1035 (size before relaxing)
 .debug_str     0x00000000000037a5       0x5f Src/stm32f0xx_it.o
                                        0x64a (size before relaxing)
 .debug_str     0x0000000000003804      0x250 Src/syscalls.o
                                        0x853 (size before relaxing)
 .debug_str     0x0000000000003a54       0x5a Src/system_stm32f0xx.o
                                        0x68c (size before relaxing)

.comment        0x0000000000000000       0x7c
 .comment       0x0000000000000000       0x7c Drivers/STM32F0xx_HAL_Driver/Src/stm32f0xx_hal.o
                                         0x7d (size before relaxing)
 .comment       0x000000000000007c       0x7d Drivers/STM32F0xx_HAL_Driver/Src/stm32f0xx_hal_cortex.o
 .comment       0x000000000000007c       0x7d Drivers/STM32F0xx_HAL_Driver/Src/stm32f0xx_hal_gpio.o
 .comment       0x000000000000007c       0x7d Drivers/STM32F0xx_HAL_Driver/Src/stm32f0xx_hal_rcc.o
 .comment       0x000000000000007c       0x7d Drivers/STM32F0xx_HAL_Driver/Src/stm32f0xx_hal_rcc_ex.o
 .comment       0x000000000000007c       0x7d Drivers/STM32F0xx_HAL_Driver/Src/stm32f0xx_hal_spi.o
 .comment       0x000000000000007c       0x7d Drivers/STM32F0xx_HAL_Driver/Src/stm32f0xx_hal_uart.o
 .comment       0x000000000000007c       0x7d Lib/ioLibrary_Driver/Ethernet/W5500/w5500.o
 .comment       0x000000000000007c       0x7d Lib/ioLibrary_Driver/Ethernet/socket.o
 .comment       0x000000000000007c       0x7d Lib/ioLibrary_Driver/Ethernet/wizchip_conf.o
 .comment       0x000000000000007c       0x7d Lib/ioLibrary_Driver/Internet/DHCP/dhcp.o
 .comment       0x000000000000007c       0x7d Src/main.o
 .comment       0x000000000000007c       0x7d Src/stm32f0xx_hal_msp.o
 .comment       0x000000000000007c       0x7d Src/stm32f0xx_it.o
 .comment       0x000000000000007c       0x7d Src/syscalls.o
 .comment       0x000000000000007c       0x7d Src/system_stm32f0xx.o

.debug_frame    0x0000000000000000     0x20a8
 .debug_frame   0x0000000000000000      0x178 Drivers/STM32F0xx_HAL_Driver/Src/stm32f0xx_hal.o
 .debug_frame   0x0000000000000178       0xe4 Drivers/STM32F0xx_HAL_Driver/Src/stm32f0xx_hal_cortex.o
 .debug_frame   0x000000000000025c       0xc0 Drivers/STM32F0xx_HAL_Driver/Src/stm32f0xx_hal_gpio.o
 .debug_frame   0x000000000000031c      0x134 Drivers/STM32F0xx_HAL_Driver/Src/stm32f0xx_hal_rcc.o
 .debug_frame   0x0000000000000450       0x58 Drivers/STM32F0xx_HAL_Driver/Src/stm32f0xx_hal_rcc_ex.o
 .debug_frame   0x00000000000004a8      0x5cc Drivers/STM32F0xx_HAL_Driver/Src/stm32f0xx_hal_spi.o
 .debug_frame   0x0000000000000a74      0x528 Drivers/STM32F0xx_HAL_Driver/Src/stm32f0xx_hal_uart.o
 .debug_frame   0x0000000000000f9c      0x13c Lib/ioLibrary_Driver/Ethernet/W5500/w5500.o
 .debug_frame   0x00000000000010d8      0x180 Lib/ioLibrary_Driver/Ethernet/socket.o
 .debug_frame   0x0000000000001258      0x310 Lib/ioLibrary_Driver/Ethernet/wizchip_conf.o
 .debug_frame   0x0000000000001568      0x220 Lib/ioLibrary_Driver/Internet/DHCP/dhcp.o
 .debug_frame   0x0000000000001788      0x188 Src/main.o
 .debug_frame   0x0000000000001910       0xc0 Src/stm32f0xx_hal_msp.o
 .debug_frame   0x00000000000019d0       0x68 Src/stm32f0xx_it.o
 .debug_frame   0x0000000000001a38      0x19c Src/syscalls.o
 .debug_frame   0x0000000000001bd4       0x3c Src/system_stm32f0xx.o
 .debug_frame   0x0000000000001c10       0x20 /opt/Atollic_TrueSTUDIO_for_STM32_x86_64_9.3.0/ARMTools/bin/../lib/gcc/arm-atollic-eabi/6.3.1/../../../../arm-atollic-eabi/lib/armv6-m/libc_nano.a(lib_a-errno.o)
 .debug_frame   0x0000000000001c30       0x2c /opt/Atollic_TrueSTUDIO_for_STM32_x86_64_9.3.0/ARMTools/bin/../lib/gcc/arm-atollic-eabi/6.3.1/../../../../arm-atollic-eabi/lib/armv6-m/libc_nano.a(lib_a-init.o)
 .debug_frame   0x0000000000001c5c       0x28 /opt/Atollic_TrueSTUDIO_for_STM32_x86_64_9.3.0/ARMTools/bin/../lib/gcc/arm-atollic-eabi/6.3.1/../../../../arm-atollic-eabi/lib/armv6-m/libc_nano.a(lib_a-memcpy-stub.o)
 .debug_frame   0x0000000000001c84       0x20 /opt/Atollic_TrueSTUDIO_for_STM32_x86_64_9.3.0/ARMTools/bin/../lib/gcc/arm-atollic-eabi/6.3.1/../../../../arm-atollic-eabi/lib/armv6-m/libc_nano.a(lib_a-memset.o)
 .debug_frame   0x0000000000001ca4       0x48 /opt/Atollic_TrueSTUDIO_for_STM32_x86_64_9.3.0/ARMTools/bin/../lib/gcc/arm-atollic-eabi/6.3.1/../../../../arm-atollic-eabi/lib/armv6-m/libc_nano.a(lib_a-vsnprintf.o)
 .debug_frame   0x0000000000001cec      0x140 /opt/Atollic_TrueSTUDIO_for_STM32_x86_64_9.3.0/ARMTools/bin/../lib/gcc/arm-atollic-eabi/6.3.1/../../../../arm-atollic-eabi/lib/armv6-m/libc_nano.a(lib_a-findfp.o)
 .debug_frame   0x0000000000001e2c       0x2c /opt/Atollic_TrueSTUDIO_for_STM32_x86_64_9.3.0/ARMTools/bin/../lib/gcc/arm-atollic-eabi/6.3.1/../../../../arm-atollic-eabi/lib/armv6-m/libc_nano.a(lib_a-nano-mallocr.o)
 .debug_frame   0x0000000000001e58       0x74 /opt/Atollic_TrueSTUDIO_for_STM32_x86_64_9.3.0/ARMTools/bin/../lib/gcc/arm-atollic-eabi/6.3.1/../../../../arm-atollic-eabi/lib/armv6-m/libc_nano.a(lib_a-nano-svfprintf.o)
 .debug_frame   0x0000000000001ecc       0x54 /opt/Atollic_TrueSTUDIO_for_STM32_x86_64_9.3.0/ARMTools/bin/../lib/gcc/arm-atollic-eabi/6.3.1/../../../../arm-atollic-eabi/lib/armv6-m/libc_nano.a(lib_a-nano-vfprintf_i.o)
 .debug_frame   0x0000000000001f20       0x2c /opt/Atollic_TrueSTUDIO_for_STM32_x86_64_9.3.0/ARMTools/bin/../lib/gcc/arm-atollic-eabi/6.3.1/../../../../arm-atollic-eabi/lib/armv6-m/libc_nano.a(lib_a-sbrkr.o)
 .debug_frame   0x0000000000001f4c       0x20 /opt/Atollic_TrueSTUDIO_for_STM32_x86_64_9.3.0/ARMTools/bin/../lib/gcc/arm-atollic-eabi/6.3.1/../../../../arm-atollic-eabi/lib/armv6-m/libc_nano.a(lib_a-memchr-stub.o)
 .debug_frame   0x0000000000001f6c       0x28 /opt/Atollic_TrueSTUDIO_for_STM32_x86_64_9.3.0/ARMTools/bin/../lib/gcc/arm-atollic-eabi/6.3.1/../../../../arm-atollic-eabi/lib/armv6-m/libc_nano.a(lib_a-memmove.o)
 .debug_frame   0x0000000000001f94       0x30 /opt/Atollic_TrueSTUDIO_for_STM32_x86_64_9.3.0/ARMTools/bin/../lib/gcc/arm-atollic-eabi/6.3.1/../../../../arm-atollic-eabi/lib/armv6-m/libc_nano.a(lib_a-mlock.o)
 .debug_frame   0x0000000000001fc4       0x2c /opt/Atollic_TrueSTUDIO_for_STM32_x86_64_9.3.0/ARMTools/bin/../lib/gcc/arm-atollic-eabi/6.3.1/../../../../arm-atollic-eabi/lib/armv6-m/libc_nano.a(lib_a-nano-freer.o)
 .debug_frame   0x0000000000001ff0       0x30 /opt/Atollic_TrueSTUDIO_for_STM32_x86_64_9.3.0/ARMTools/bin/../lib/gcc/arm-atollic-eabi/6.3.1/../../../../arm-atollic-eabi/lib/armv6-m/libc_nano.a(lib_a-nano-reallocr.o)
 .debug_frame   0x0000000000002020       0x48 /opt/Atollic_TrueSTUDIO_for_STM32_x86_64_9.3.0/ARMTools/bin/../lib/gcc/arm-atollic-eabi/6.3.1/../../../../arm-atollic-eabi/lib/armv6-m/libc_nano.a(lib_a-reent.o)
 .debug_frame   0x0000000000002068       0x20 /opt/Atollic_TrueSTUDIO_for_STM32_x86_64_9.3.0/ARMTools/bin/../lib/gcc/arm-atollic-eabi/6.3.1/../../../../arm-atollic-eabi/lib/armv6-m/libc_nano.a(lib_a-nano-msizer.o)
 .debug_frame   0x0000000000002088       0x20 /opt/Atollic_TrueSTUDIO_for_STM32_x86_64_9.3.0/ARMTools/bin/../lib/gcc/arm-atollic-eabi/6.3.1/armv6-m/libgcc.a(_udivsi3.o)
