wizchip_conf.c:93:6:wizchip_cs_deselect	0	static
wizchip_conf.c:102:10:wizchip_bus_readdata	0	static
wizchip_conf.c:111:10:wizchip_bus_writedata	0	static
wizchip_conf.c:119:9:wizchip_spi_readbyte	0	static
wizchip_conf.c:127:10:wizchip_spi_writebyte	0	static
wizchip_conf.c:143:10:wizchip_spi_writeburst	0	static
wizchip_conf.c:135:10:wizchip_spi_readburst	0	static
wizchip_conf.c:68:12:wizchip_cris_enter	0	static
wizchip_conf.c:76:12:wizchip_cris_exit	0	static
wizchip_conf.c:85:6:wizchip_cs_select	0	static
wizchip_conf.c:195:6:reg_wizchip_cris_cbfunc	0	static
wizchip_conf.c:209:6:reg_wizchip_cs_cbfunc	0	static
wizchip_conf.c:225:6:reg_wizchip_bus_cbfunc	0	static
wizchip_conf.c:253:6:reg_wizchip_spi_cbfunc	0	static
wizchip_conf.c:270:6:reg_wizchip_spiburst_cbfunc	0	static
wizchip_conf.c:396:6:wizchip_sw_reset	48	static
wizchip_conf.c:421:8:wizchip_init	16	static
wizchip_conf.c:503:6:wizchip_clrinterrupt	8	static
wizchip_conf.c:530:11:wizchip_getinterrupt	8	static
wizchip_conf.c:561:6:wizchip_setinterruptmask	8	static
wizchip_conf.c:585:11:wizchip_getinterruptmask	8	static
wizchip_conf.c:614:8:wizphy_getphylink	8	static
wizchip_conf.c:635:8:wizphy_getphypmode	8	static
wizchip_conf.c:738:6:wizphy_reset	8	static
wizchip_conf.c:748:6:wizphy_setphyconf	8	static
wizchip_conf.c:778:6:wizphy_getphyconf	8	static
wizchip_conf.c:817:6:wizphy_getphystat	8	static
wizchip_conf.c:824:8:wizphy_setphypmode	8	static
wizchip_conf.c:286:8:ctlwizchip	16	static
wizchip_conf.c:850:6:wizchip_setnetinfo	8	static
wizchip_conf.c:863:6:wizchip_getnetinfo	8	static
wizchip_conf.c:876:8:wizchip_setnetmode	16	static
wizchip_conf.c:890:14:wizchip_getnetmode	8	static
wizchip_conf.c:895:6:wizchip_settimeout	8	static
wizchip_conf.c:901:6:wizchip_gettimeout	16	static
wizchip_conf.c:368:8:ctlnetwork	8	static
