main.c:140:6:W5500_Select	8	static
main.c:144:6:W5500_Unselect	8	static
main.c:148:6:W5500_ReadBuff	8	static
main.c:156:9:W5500_ReadByte	16	static
main.c:152:6:W5500_WriteBuff	8	static
main.c:162:6:W5500_WriteByte	16	static
main.c:169:6:Callback_IPAssigned	0	static
main.c:174:6:Callback_IPConflict	0	static
main.c:178:6:init	64	static
main.c:241:6:write_global_state	24	static
main.c:254:9:loopback_tcps_g	64	static
main.c:441:6:loop	0	static
main.c:515:6:SystemClock_Config	96	static
main.c:450:5:main	64	static
main.c:722:6:Error_Handler	0	static
