main.c:117:6:W5500_Select	8	static
main.c:121:6:W5500_Unselect	8	static
main.c:125:6:W5500_ReadBuff	8	static
main.c:133:9:W5500_ReadByte	16	static
main.c:129:6:W5500_WriteBuff	8	static
main.c:139:6:W5500_WriteByte	16	static
main.c:146:6:Callback_IPAssigned	0	static
main.c:151:6:Callback_IPConflict	0	static
main.c:155:6:init	56	static
main.c:217:6:write_global_state	24	static
main.c:226:9:loopback_tcps_g	40	static
main.c:397:6:loop	0	static
main.c:471:6:SystemClock_Config	96	static
main.c:406:5:main	64	static
main.c:678:6:Error_Handler	0	static
